warning: linker stdout: ライブラリ C:\w\cme\.agent-work\worker2\task5-target\release\deps\calibrate_cue_floors.lib とオブジェクト C:\w\cme\.agent-work\worker2\task5-target\release\deps\calibrate_cue_floors.exp を作成中
  |
  = note: `#[warn(linker_messages)]` on by default

warning: `cmem-eval-continuity` (bin "calibrate_cue_floors") generated 1 warning
    Finished `release` profile [optimized] target(s) in 0.82s
     Running `C:/w/cme/.agent-work/worker2/task5-target\release\calibrate_cue_floors.exe ./.agent-work/worker2/task9/fourth-pin-before-p2-repeat.json`
measured participant-under-place
measured participant-under-activity
measured participant-under-topic
measured participant-under-all
measured place-under-participant
measured place-under-activity
measured place-under-topic
measured place-under-all
measured activity-under-participant
measured activity-under-place
measured activity-under-topic
measured activity-under-all
measured topic-under-participant
measured topic-under-place
measured topic-under-activity
measured topic-under-all
measured unlived-participant
measured unlived-place
measured unlived-topic
measured saturated-thread-and-topic
measured participant-key-inheritance
measured overlap-place-sweep-participant
measured overlap-place-sweep-place
measured overlap-place-sweep-activity
measured overlap-place-sweep-topic
measured overlap-participant-sweep-participant
measured overlap-participant-sweep-place
measured overlap-participant-sweep-activity
measured overlap-participant-sweep-topic
measured overlap-both-sweep-participant
measured overlap-both-sweep-place
measured overlap-both-sweep-activity
measured overlap-both-sweep-topic
measured overlap-place-sweep-participant
measured overlap-place-sweep-place
measured overlap-place-sweep-activity
measured overlap-place-sweep-topic
measured overlap-participant-sweep-participant
measured overlap-participant-sweep-place
measured overlap-participant-sweep-activity
measured overlap-participant-sweep-topic
measured overlap-both-sweep-participant
measured overlap-both-sweep-place
measured overlap-both-sweep-activity
measured overlap-both-sweep-topic
measured keyless topic-and-scene sweep topic
measured keyless topic-and-scene sweep place
measured keyless topic-and-scene sweep participant
measured keyless scene-only sweep topic
measured keyless scene-only sweep place
measured keyless scene-only sweep participant
measured keyless same-day-by-descriptions sweep topic
measured keyless same-day-by-descriptions sweep place
measured keyless same-day-by-descriptions sweep participant
wrote ./.agent-work/worker2/task9/fourth-pin-before-p2-repeat.json
